d:\code\project1\project1\x64\debug\vc143.pdb
d:\code\project1\project1\x64\debug\vc143.idb
d:\code\project1\project1\x64\debug\mathpdf.obj
d:\code\project1\project1\x64\debug\main.obj
d:\code\project1\project1\x64\debug\identity.obj
d:\code\project1\project1\x64\debug\factor.obj
d:\code\project1\project1\x64\debug\exponent.obj
d:\code\project1\x64\debug\mathematics.exe
d:\code\project1\x64\debug\mathematics.pdb
d:\code\project1\project1\x64\debug\main.res
d:\code\project1\project1\x64\debug\mathematics.ilk
d:\code\project1\project1\x64\debug\mathematics.tlog\cl.command.1.tlog
d:\code\project1\project1\x64\debug\mathematics.tlog\cl.items.tlog
d:\code\project1\project1\x64\debug\mathematics.tlog\cl.read.1.tlog
d:\code\project1\project1\x64\debug\mathematics.tlog\cl.write.1.tlog
d:\code\project1\project1\x64\debug\mathematics.tlog\link.command.1.tlog
d:\code\project1\project1\x64\debug\mathematics.tlog\link.read.1.tlog
d:\code\project1\project1\x64\debug\mathematics.tlog\link.secondary.1.tlog
d:\code\project1\project1\x64\debug\mathematics.tlog\link.write.1.tlog
d:\code\project1\project1\x64\debug\mathematics.tlog\rc.command.1.tlog
d:\code\project1\project1\x64\debug\mathematics.tlog\rc.read.1.tlog
d:\code\project1\project1\x64\debug\mathematics.tlog\rc.write.1.tlog
