c:\users\nathansiu\source\repos\project1\project1\x64\debug\vc143.pdb
c:\users\nathansiu\source\repos\project1\project1\x64\debug\vc143.idb
c:\users\nathansiu\source\repos\project1\project1\x64\debug\project1.obj
c:\users\nathansiu\source\repos\project1\project1\x64\debug\project1.res
c:\users\nathansiu\source\repos\project1\x64\debug\project1.pdb
c:\users\nathansiu\source\repos\project1\project1\x64\debug\project1.tlog\cl.command.1.tlog
c:\users\nathansiu\source\repos\project1\project1\x64\debug\project1.tlog\cl.read.1.tlog
c:\users\nathansiu\source\repos\project1\project1\x64\debug\project1.tlog\cl.write.1.tlog
c:\users\nathansiu\source\repos\project1\project1\x64\debug\project1.tlog\link-cvtres.read.1.tlog
c:\users\nathansiu\source\repos\project1\project1\x64\debug\project1.tlog\link-cvtres.write.1.tlog
c:\users\nathansiu\source\repos\project1\project1\x64\debug\project1.tlog\link-rc.read.1.tlog
c:\users\nathansiu\source\repos\project1\project1\x64\debug\project1.tlog\link-rc.write.1.tlog
c:\users\nathansiu\source\repos\project1\project1\x64\debug\project1.tlog\link.command.1.tlog
c:\users\nathansiu\source\repos\project1\project1\x64\debug\project1.tlog\link.read.1.tlog
c:\users\nathansiu\source\repos\project1\project1\x64\debug\project1.tlog\link.read.2.tlog
c:\users\nathansiu\source\repos\project1\project1\x64\debug\project1.tlog\link.read.3.tlog
c:\users\nathansiu\source\repos\project1\project1\x64\debug\project1.tlog\link.read.4.tlog
c:\users\nathansiu\source\repos\project1\project1\x64\debug\project1.tlog\link.write.1.tlog
c:\users\nathansiu\source\repos\project1\project1\x64\debug\project1.tlog\rc.command.1.tlog
c:\users\nathansiu\source\repos\project1\project1\x64\debug\project1.tlog\rc.read.1.tlog
c:\users\nathansiu\source\repos\project1\project1\x64\debug\project1.tlog\rc.write.1.tlog
