d:\code\project1\maindll\x64\release\vc143.pdb
d:\code\project1\maindll\x64\release\setting.obj
d:\code\project1\maindll\x64\release\gamelogic.obj
d:\code\project1\maindll\x64\release\dllmain.obj
d:\code\project1\maindll\x64\release\audioplayer.obj
d:\code\project1\maindll\x64\release\amount.obj
d:\code\project1\x64\release\maindll.dll
d:\code\project1\x64\release\maindll.pdb
d:\code\project1\x64\release\maindll.lib
d:\code\project1\x64\release\maindll.exp
d:\code\project1\maindll\x64\release\maindll.ipdb
d:\code\project1\maindll\x64\release\maindll.iobj
d:\code\project1\maindll\x64\release\maindll.tlog\cl.command.1.tlog
d:\code\project1\maindll\x64\release\maindll.tlog\cl.items.tlog
d:\code\project1\maindll\x64\release\maindll.tlog\cl.read.1.tlog
d:\code\project1\maindll\x64\release\maindll.tlog\cl.write.1.tlog
d:\code\project1\maindll\x64\release\maindll.tlog\link.command.1.tlog
d:\code\project1\maindll\x64\release\maindll.tlog\link.read.1.tlog
d:\code\project1\maindll\x64\release\maindll.tlog\link.secondary.1.tlog
d:\code\project1\maindll\x64\release\maindll.tlog\link.write.1.tlog
