  Amount.cpp
D:\code\project1\maindll\Amount.cpp(6,7): warning C4273: 'SetQuestion': 不一致的 DLL 連結
      D:\code\project1\maindll\Amount.h(8,29):
      參閱 'SetQuestion' 之前的定義
  
  AudioPlayer.cpp
D:\code\project1\maindll\miniaudio.h(80532,82): warning C4244: '=': 將 'ma_uint64' 轉換為 'ma_uint32'，由於類型不同，可能導致資料遺失
  (編譯來源檔案 'AudioPlayer.cpp')
  
D:\code\project1\maindll\AudioPlayer.cpp(92,14): warning C4273: 'AudioInit': 不一致的 DLL 連結
      D:\code\project1\maindll\AudioPlayer.h(14,29):
      參閱 'AudioInit' 之前的定義
  
D:\code\project1\maindll\AudioPlayer.cpp(97,14): warning C4273: 'AudioPlay': 不一致的 DLL 連結
      D:\code\project1\maindll\AudioPlayer.h(15,29):
      參閱 'AudioPlay' 之前的定義
  
D:\code\project1\maindll\AudioPlayer.cpp(102,14): warning C4273: 'AudioShutdown': 不一致的 DLL 連結
      D:\code\project1\maindll\AudioPlayer.h(16,29):
      參閱 'AudioShutdown' 之前的定義
  
D:\code\project1\maindll\AudioPlayer.cpp(107,14): warning C4273: 'musicThreadWork': 不一致的 DLL 連結
      D:\code\project1\maindll\AudioPlayer.h(17,29):
      參閱 'musicThreadWork' 之前的定義
  
  dllmain.cpp
  gamelogic.cpp
  Setting.cpp
  settingmap.cpp
     正在建立程式庫 D:\code\project1\x64\Release\maindll.lib 和物件 D:\code\project1\x64\Release\maindll.exp
  正在產生程式碼
  Previous IPDB not found, fall back to full compilation.
  All 2231 functions were compiled because no usable IPDB/IOBJ from previous compilation was found.
  已完成程式碼產生
  maindll.vcxproj -> D:\code\project1\x64\Release\maindll.dll
