d:\code\project1\maindll\x64\debug\vc143.pdb
d:\code\project1\maindll\x64\debug\vc143.idb
d:\code\project1\maindll\x64\debug\setting.obj
d:\code\project1\maindll\x64\debug\gamelogic.obj
d:\code\project1\maindll\x64\debug\dllmain.obj
d:\code\project1\maindll\x64\debug\audioplayer.obj
d:\code\project1\maindll\x64\debug\amount.obj
d:\code\project1\x64\debug\maindll.dll
d:\code\project1\x64\debug\maindll.pdb
d:\code\project1\x64\debug\maindll.lib
d:\code\project1\x64\debug\maindll.exp
d:\code\project1\maindll\x64\debug\maindll.ilk
d:\code\project1\maindll\x64\debug\maindll.tlog\cl.command.1.tlog
d:\code\project1\maindll\x64\debug\maindll.tlog\cl.items.tlog
d:\code\project1\maindll\x64\debug\maindll.tlog\cl.read.1.tlog
d:\code\project1\maindll\x64\debug\maindll.tlog\cl.write.1.tlog
d:\code\project1\maindll\x64\debug\maindll.tlog\link.command.1.tlog
d:\code\project1\maindll\x64\debug\maindll.tlog\link.read.1.tlog
d:\code\project1\maindll\x64\debug\maindll.tlog\link.secondary.1.tlog
d:\code\project1\maindll\x64\debug\maindll.tlog\link.write.1.tlog
