d:\code\project1\project1\x64\release\vc143.pdb
d:\code\project1\project1\x64\release\mathpdf.obj
d:\code\project1\project1\x64\release\main.obj
d:\code\project1\project1\x64\release\identity.obj
d:\code\project1\project1\x64\release\factor.obj
d:\code\project1\project1\x64\release\exponent.obj
d:\code\project1\x64\release\mathematics.exe
d:\code\project1\x64\release\mathematics.pdb
d:\code\project1\project1\x64\release\main.res
d:\code\project1\project1\x64\release\mathematics.ipdb
d:\code\project1\project1\x64\release\mathematics.iobj
d:\code\project1\project1\x64\release\mathematics.tlog\cl.command.1.tlog
d:\code\project1\project1\x64\release\mathematics.tlog\cl.items.tlog
d:\code\project1\project1\x64\release\mathematics.tlog\cl.read.1.tlog
d:\code\project1\project1\x64\release\mathematics.tlog\cl.write.1.tlog
d:\code\project1\project1\x64\release\mathematics.tlog\link.command.1.tlog
d:\code\project1\project1\x64\release\mathematics.tlog\link.read.1.tlog
d:\code\project1\project1\x64\release\mathematics.tlog\link.secondary.1.tlog
d:\code\project1\project1\x64\release\mathematics.tlog\link.write.1.tlog
d:\code\project1\project1\x64\release\mathematics.tlog\rc.command.1.tlog
d:\code\project1\project1\x64\release\mathematics.tlog\rc.read.1.tlog
d:\code\project1\project1\x64\release\mathematics.tlog\rc.write.1.tlog
